// 同步 ID: 53dc62a5 @ Wed Jul 15 08:48:28 UTC 2026
// 同步 ID: 4b7c888c @ Thu Jul 16 03:15:46 UTC 2026
// 同步 ID: 68012cfa @ Thu Jul 16 16:41:48 UTC 2026
// 重构日志: 968385a5
// 同步 ID: 2181626a @ Fri Jul 17 12:08:43 UTC 2026
// 同步 ID: 6173f644 @ Fri Jul 17 18:00:40 UTC 2026
// 重构日志: c36ab0e8
// 重构日志: cc3c2046
// 重构日志: 7762a103
// 重构日志: 5051fc03
// 同步 ID: f0aaf2b7 @ Sun Jul 19 09:32:50 UTC 2026
// 重构日志: f8acec85
// 重构日志: 200d7866
// 重构日志: 10ca9572
// 同步 ID: 7f6d3998 @ Mon Jul 20 10:34:53 UTC 2026
// 重构日志: 3226f59e
// 重构日志: b43a0f36
// 重构日志: 3314f332
// 重构日志: b44c6dec
// 重构日志: 83905750
// 重构日志: babfd005
// 重构日志: 38a824a8
// 同步 ID: ab3ef50f @ Thu Jul 23 14:54:05 UTC 2026
// 同步 ID: b03d9101 @ Sun Jul 26 03:54:19 UTC 2026
// 同步 ID: f86e631d @ Sun Jul 26 09:21:32 UTC 2026
// 重构日志: a6122243
// 同步 ID: 4fa7a228 @ Tue Jul 28 15:03:31 UTC 2026
// 同步 ID: 6285d697 @ Wed Jul 29 06:11:08 UTC 2026
// 重构日志: 77b39636
// 同步 ID: 82b17fbd @ Thu Jul 30 11:22:05 UTC 2026
// 重构日志: 130c001f
